Archive member included to satisfy reference by file (symbol)

c:/program files/atmel/studio/7.0/toolchain/avr8/avr8-gnu-toolchain/bin/../lib/gcc/avr/4.9.2/avr4\libgcc.a(_exit.o)
                              C:/Program Files/Atmel/Studio/7.0/Packs/atmel/ATmega_DFP/1.0.90/gcc/dev/atmega8/avr4/crtatmega8.o (exit)

Discarded input sections

 .data          0x00000000        0x0 C:/Program Files/Atmel/Studio/7.0/Packs/atmel/ATmega_DFP/1.0.90/gcc/dev/atmega8/avr4/crtatmega8.o
 .bss           0x00000000        0x0 C:/Program Files/Atmel/Studio/7.0/Packs/atmel/ATmega_DFP/1.0.90/gcc/dev/atmega8/avr4/crtatmega8.o
 .group         0x00000000        0x8 src/input_handler.o
 .group         0x00000000        0x8 src/input_handler.o
 .group         0x00000000        0x8 src/input_handler.o
 .group         0x00000000        0x8 src/input_handler.o
 .group         0x00000000        0x8 src/input_handler.o
 .group         0x00000000        0x8 src/input_handler.o
 .group         0x00000000        0x8 src/input_handler.o
 .group         0x00000000        0x8 src/input_handler.o
 .group         0x00000000        0x8 src/input_handler.o
 .group         0x00000000        0x8 src/input_handler.o
 .group         0x00000000        0x8 src/input_handler.o
 .group         0x00000000        0x8 src/input_handler.o
 .text          0x00000000        0x0 src/input_handler.o
 .data          0x00000000        0x0 src/input_handler.o
 .bss           0x00000000        0x0 src/input_handler.o
 .group         0x00000000        0x8 src/led_handler.o
 .group         0x00000000        0x8 src/led_handler.o
 .group         0x00000000        0x8 src/led_handler.o
 .group         0x00000000        0x8 src/led_handler.o
 .group         0x00000000        0x8 src/led_handler.o
 .group         0x00000000        0x8 src/led_handler.o
 .group         0x00000000        0x8 src/led_handler.o
 .group         0x00000000        0x8 src/led_handler.o
 .group         0x00000000        0x8 src/led_handler.o
 .group         0x00000000        0x8 src/led_handler.o
 .group         0x00000000        0x8 src/led_handler.o
 .group         0x00000000        0x8 src/led_handler.o
 .text          0x00000000        0x0 src/led_handler.o
 .data          0x00000000        0x0 src/led_handler.o
 .bss           0x00000000        0x0 src/led_handler.o
 .debug_macro   0x00000000      0xa42 src/led_handler.o
 .debug_macro   0x00000000       0x10 src/led_handler.o
 .debug_macro   0x00000000      0x1ad src/led_handler.o
 .debug_macro   0x00000000      0x293 src/led_handler.o
 .debug_macro   0x00000000       0x9e src/led_handler.o
 .debug_macro   0x00000000      0xa99 src/led_handler.o
 .debug_macro   0x00000000      0x139 src/led_handler.o
 .debug_macro   0x00000000       0xbd src/led_handler.o
 .debug_macro   0x00000000       0x34 src/led_handler.o
 .debug_macro   0x00000000       0x18 src/led_handler.o
 .debug_macro   0x00000000       0x6c src/led_handler.o
 .debug_macro   0x00000000       0x82 src/led_handler.o
 .group         0x00000000        0x8 src/main.o
 .group         0x00000000        0x8 src/main.o
 .group         0x00000000        0x8 src/main.o
 .group         0x00000000        0x8 src/main.o
 .group         0x00000000        0x8 src/main.o
 .text          0x00000000        0x0 src/main.o
 .data          0x00000000        0x0 src/main.o
 .bss           0x00000000        0x0 src/main.o
 .debug_macro   0x00000000      0xa42 src/main.o
 .debug_macro   0x00000000      0x1ad src/main.o
 .debug_macro   0x00000000      0x293 src/main.o
 .text          0x00000000        0x0 c:/program files/atmel/studio/7.0/toolchain/avr8/avr8-gnu-toolchain/bin/../lib/gcc/avr/4.9.2/avr4\libgcc.a(_exit.o)
 .data          0x00000000        0x0 c:/program files/atmel/studio/7.0/toolchain/avr8/avr8-gnu-toolchain/bin/../lib/gcc/avr/4.9.2/avr4\libgcc.a(_exit.o)
 .bss           0x00000000        0x0 c:/program files/atmel/studio/7.0/toolchain/avr8/avr8-gnu-toolchain/bin/../lib/gcc/avr/4.9.2/avr4\libgcc.a(_exit.o)
 .text.libgcc.mul
                0x00000000        0x0 c:/program files/atmel/studio/7.0/toolchain/avr8/avr8-gnu-toolchain/bin/../lib/gcc/avr/4.9.2/avr4\libgcc.a(_exit.o)
 .text.libgcc.div
                0x00000000        0x0 c:/program files/atmel/studio/7.0/toolchain/avr8/avr8-gnu-toolchain/bin/../lib/gcc/avr/4.9.2/avr4\libgcc.a(_exit.o)
 .text.libgcc   0x00000000        0x0 c:/program files/atmel/studio/7.0/toolchain/avr8/avr8-gnu-toolchain/bin/../lib/gcc/avr/4.9.2/avr4\libgcc.a(_exit.o)
 .text.libgcc.prologue
                0x00000000        0x0 c:/program files/atmel/studio/7.0/toolchain/avr8/avr8-gnu-toolchain/bin/../lib/gcc/avr/4.9.2/avr4\libgcc.a(_exit.o)
 .text.libgcc.builtins
                0x00000000        0x0 c:/program files/atmel/studio/7.0/toolchain/avr8/avr8-gnu-toolchain/bin/../lib/gcc/avr/4.9.2/avr4\libgcc.a(_exit.o)
 .text.libgcc.fmul
                0x00000000        0x0 c:/program files/atmel/studio/7.0/toolchain/avr8/avr8-gnu-toolchain/bin/../lib/gcc/avr/4.9.2/avr4\libgcc.a(_exit.o)
 .text.libgcc.fixed
                0x00000000        0x0 c:/program files/atmel/studio/7.0/toolchain/avr8/avr8-gnu-toolchain/bin/../lib/gcc/avr/4.9.2/avr4\libgcc.a(_exit.o)

Memory Configuration

Name             Origin             Length             Attributes
text             0x00000000         0x00002000         xr
data             0x00800060         0x0000ffa0         rw !x
eeprom           0x00810000         0x00010000         rw !x
fuse             0x00820000         0x00000400         rw !x
lock             0x00830000         0x00000400         rw !x
signature        0x00840000         0x00000400         rw !x
user_signatures  0x00850000         0x00000400         rw !x
*default*        0x00000000         0xffffffff

Linker script and memory map

LOAD C:/Program Files/Atmel/Studio/7.0/Packs/atmel/ATmega_DFP/1.0.90/gcc/dev/atmega8/avr4/crtatmega8.o
LOAD src/input_handler.o
LOAD src/led_handler.o
LOAD src/main.o
START GROUP
LOAD c:/program files/atmel/studio/7.0/toolchain/avr8/avr8-gnu-toolchain/bin/../lib/gcc/avr/4.9.2/../../../../avr/lib/avr4\libm.a
END GROUP
START GROUP
LOAD c:/program files/atmel/studio/7.0/toolchain/avr8/avr8-gnu-toolchain/bin/../lib/gcc/avr/4.9.2/avr4\libgcc.a
LOAD c:/program files/atmel/studio/7.0/toolchain/avr8/avr8-gnu-toolchain/bin/../lib/gcc/avr/4.9.2/../../../../avr/lib/avr4\libm.a
LOAD c:/program files/atmel/studio/7.0/toolchain/avr8/avr8-gnu-toolchain/bin/../lib/gcc/avr/4.9.2/../../../../avr/lib/avr4\libc.a
LOAD C:/Program Files/Atmel/Studio/7.0/Packs/atmel/ATmega_DFP/1.0.90/gcc/dev/atmega8/avr4\libatmega8.a
END GROUP

.hash
 *(.hash)

.dynsym
 *(.dynsym)

.dynstr
 *(.dynstr)

.gnu.version
 *(.gnu.version)

.gnu.version_d
 *(.gnu.version_d)

.gnu.version_r
 *(.gnu.version_r)

.rel.init
 *(.rel.init)

.rela.init
 *(.rela.init)

.rel.text
 *(.rel.text)
 *(.rel.text.*)
 *(.rel.gnu.linkonce.t*)

.rela.text
 *(.rela.text)
 *(.rela.text.*)
 *(.rela.gnu.linkonce.t*)

.rel.fini
 *(.rel.fini)

.rela.fini
 *(.rela.fini)

.rel.rodata
 *(.rel.rodata)
 *(.rel.rodata.*)
 *(.rel.gnu.linkonce.r*)

.rela.rodata
 *(.rela.rodata)
 *(.rela.rodata.*)
 *(.rela.gnu.linkonce.r*)

.rel.data
 *(.rel.data)
 *(.rel.data.*)
 *(.rel.gnu.linkonce.d*)

.rela.data
 *(.rela.data)
 *(.rela.data.*)
 *(.rela.gnu.linkonce.d*)

.rel.ctors
 *(.rel.ctors)

.rela.ctors
 *(.rela.ctors)

.rel.dtors
 *(.rel.dtors)

.rela.dtors
 *(.rela.dtors)

.rel.got
 *(.rel.got)

.rela.got
 *(.rela.got)

.rel.bss
 *(.rel.bss)

.rela.bss
 *(.rela.bss)

.rel.plt
 *(.rel.plt)

.rela.plt
 *(.rela.plt)

.text           0x00000000      0x284
 *(.vectors)
 .vectors       0x00000000       0x26 C:/Program Files/Atmel/Studio/7.0/Packs/atmel/ATmega_DFP/1.0.90/gcc/dev/atmega8/avr4/crtatmega8.o
                0x00000000                __vector_default
                0x00000000                __vectors
 *(.vectors)
 *(.progmem.gcc*)
                0x00000026                . = ALIGN (0x2)
                0x00000026                __trampolines_start = .
 *(.trampolines)
 .trampolines   0x00000026        0x0 linker stubs
 *(.trampolines*)
                0x00000026                __trampolines_end = .
 *(.progmem*)
                0x00000026                . = ALIGN (0x2)
 *(.jumptables)
 *(.jumptables*)
 *(.lowtext)
 *(.lowtext*)
                0x00000026                __ctors_start = .
 *(.ctors)
                0x00000026                __ctors_end = .
                0x00000026                __dtors_start = .
 *(.dtors)
                0x00000026                __dtors_end = .
 SORT(*)(.ctors)
 SORT(*)(.dtors)
 *(.init0)
 .init0         0x00000026        0x0 C:/Program Files/Atmel/Studio/7.0/Packs/atmel/ATmega_DFP/1.0.90/gcc/dev/atmega8/avr4/crtatmega8.o
                0x00000026                __init
 *(.init0)
 *(.init1)
 *(.init1)
 *(.init2)
 .init2         0x00000026        0xc C:/Program Files/Atmel/Studio/7.0/Packs/atmel/ATmega_DFP/1.0.90/gcc/dev/atmega8/avr4/crtatmega8.o
 *(.init2)
 *(.init3)
 *(.init3)
 *(.init4)
 *(.init4)
 *(.init5)
 *(.init5)
 *(.init6)
 *(.init6)
 *(.init7)
 *(.init7)
 *(.init8)
 *(.init8)
 *(.init9)
 .init9         0x00000032        0x4 C:/Program Files/Atmel/Studio/7.0/Packs/atmel/ATmega_DFP/1.0.90/gcc/dev/atmega8/avr4/crtatmega8.o
 *(.init9)
 *(.text)
 .text          0x00000036        0x2 C:/Program Files/Atmel/Studio/7.0/Packs/atmel/ATmega_DFP/1.0.90/gcc/dev/atmega8/avr4/crtatmega8.o
                0x00000036                __vector_1
                0x00000036                __vector_12
                0x00000036                __bad_interrupt
                0x00000036                __vector_6
                0x00000036                __vector_3
                0x00000036                __vector_11
                0x00000036                __vector_13
                0x00000036                __vector_17
                0x00000036                __vector_7
                0x00000036                __vector_5
                0x00000036                __vector_4
                0x00000036                __vector_9
                0x00000036                __vector_2
                0x00000036                __vector_15
                0x00000036                __vector_8
                0x00000036                __vector_14
                0x00000036                __vector_10
                0x00000036                __vector_16
                0x00000036                __vector_18
                0x00000038                . = ALIGN (0x2)
 *(.text.*)
 .text.init_inputs
                0x00000038        0xa src/input_handler.o
                0x00000038                init_inputs
 .text.get_input_val
                0x00000042       0x4a src/input_handler.o
                0x00000042                get_input_val
 .text.get_hvps_in_val
                0x0000008c        0xe src/input_handler.o
                0x0000008c                get_hvps_in_val
 .text.init_leds
                0x0000009a       0x12 src/led_handler.o
                0x0000009a                init_leds
 .text.set_led  0x000000ac       0x40 src/led_handler.o
                0x000000ac                set_led
 .text.enable_light
                0x000000ec        0xc src/led_handler.o
                0x000000ec                enable_light
 .text.main     0x000000f8      0x188 src/main.o
                0x000000f8                main
                0x00000280                . = ALIGN (0x2)
 *(.fini9)
 .fini9         0x00000280        0x0 c:/program files/atmel/studio/7.0/toolchain/avr8/avr8-gnu-toolchain/bin/../lib/gcc/avr/4.9.2/avr4\libgcc.a(_exit.o)
                0x00000280                _exit
                0x00000280                exit
 *(.fini9)
 *(.fini8)
 *(.fini8)
 *(.fini7)
 *(.fini7)
 *(.fini6)
 *(.fini6)
 *(.fini5)
 *(.fini5)
 *(.fini4)
 *(.fini4)
 *(.fini3)
 *(.fini3)
 *(.fini2)
 *(.fini2)
 *(.fini1)
 *(.fini1)
 *(.fini0)
 .fini0         0x00000280        0x4 c:/program files/atmel/studio/7.0/toolchain/avr8/avr8-gnu-toolchain/bin/../lib/gcc/avr/4.9.2/avr4\libgcc.a(_exit.o)
 *(.fini0)
                0x00000284                _etext = .

.data           0x00800060        0x0 load address 0x00000284
                0x00800060                PROVIDE (__data_start, .)
 *(.data)
 *(.data*)
 *(.rodata)
 *(.rodata*)
 *(.gnu.linkonce.d*)
                0x00800060                . = ALIGN (0x2)
                0x00800060                _edata = .
                0x00800060                PROVIDE (__data_end, .)

.bss            0x00800060        0x0
                0x00800060                PROVIDE (__bss_start, .)
 *(.bss)
 *(.bss*)
 *(COMMON)
                0x00800060                PROVIDE (__bss_end, .)
                0x00000284                __data_load_start = LOADADDR (.data)
                0x00000284                __data_load_end = (__data_load_start + SIZEOF (.data))

.noinit         0x00800060        0x0
                0x00800060                PROVIDE (__noinit_start, .)
 *(.noinit*)
                0x00800060                PROVIDE (__noinit_end, .)
                0x00800060                _end = .
                0x00800060                PROVIDE (__heap_start, .)

.eeprom         0x00810000        0x0
 *(.eeprom*)
                0x00810000                __eeprom_end = .

.fuse
 *(.fuse)
 *(.lfuse)
 *(.hfuse)
 *(.efuse)

.lock
 *(.lock*)

.signature
 *(.signature*)

.user_signatures
 *(.user_signatures*)

.stab
 *(.stab)

.stabstr
 *(.stabstr)

.stab.excl
 *(.stab.excl)

.stab.exclstr
 *(.stab.exclstr)

.stab.index
 *(.stab.index)

.stab.indexstr
 *(.stab.indexstr)

.comment        0x00000000       0x30
 *(.comment)
 .comment       0x00000000       0x30 src/input_handler.o
                                 0x31 (size before relaxing)
 .comment       0x00000030       0x31 src/led_handler.o
 .comment       0x00000030       0x31 src/main.o

.note.gnu.avr.deviceinfo
                0x00000000       0x3c
 .note.gnu.avr.deviceinfo
                0x00000000       0x3c C:/Program Files/Atmel/Studio/7.0/Packs/atmel/ATmega_DFP/1.0.90/gcc/dev/atmega8/avr4/crtatmega8.o

.note.gnu.build-id
 *(.note.gnu.build-id)

.debug
 *(.debug)

.line
 *(.line)

.debug_srcinfo
 *(.debug_srcinfo)

.debug_sfnames
 *(.debug_sfnames)

.debug_aranges  0x00000000       0x80
 *(.debug_aranges)
 .debug_aranges
                0x00000000       0x30 src/input_handler.o
 .debug_aranges
                0x00000030       0x30 src/led_handler.o
 .debug_aranges
                0x00000060       0x20 src/main.o

.debug_pubnames
 *(.debug_pubnames)

.debug_info     0x00000000      0x67e
 *(.debug_info .gnu.linkonce.wi.*)
 .debug_info    0x00000000       0xee src/input_handler.o
 .debug_info    0x000000ee       0xe0 src/led_handler.o
 .debug_info    0x000001ce      0x4b0 src/main.o

.debug_abbrev   0x00000000      0x2c9
 *(.debug_abbrev)
 .debug_abbrev  0x00000000       0xa8 src/input_handler.o
 .debug_abbrev  0x000000a8       0xa4 src/led_handler.o
 .debug_abbrev  0x0000014c      0x17d src/main.o

.debug_line     0x00000000      0x8bb
 *(.debug_line .debug_line.* .debug_line_end)
 .debug_line    0x00000000      0x2ac src/input_handler.o
 .debug_line    0x000002ac      0x2de src/led_handler.o
 .debug_line    0x0000058a      0x331 src/main.o

.debug_frame    0x00000000       0xac
 *(.debug_frame)
 .debug_frame   0x00000000       0x44 src/input_handler.o
 .debug_frame   0x00000044       0x44 src/led_handler.o
 .debug_frame   0x00000088       0x24 src/main.o

.debug_str      0x00000000     0x5e13
 *(.debug_str)
 .debug_str     0x00000000     0x58f8 src/input_handler.o
                               0x5995 (size before relaxing)
 .debug_str     0x000058f8       0x4c src/led_handler.o
                               0x597d (size before relaxing)
 .debug_str     0x00005944      0x4cf src/main.o
                               0x3ccb (size before relaxing)

.debug_loc      0x00000000      0x30f
 *(.debug_loc)
 .debug_loc     0x00000000       0xcc src/input_handler.o
 .debug_loc     0x000000cc      0x243 src/main.o

.debug_macinfo
 *(.debug_macinfo)

.debug_weaknames
 *(.debug_weaknames)

.debug_funcnames
 *(.debug_funcnames)

.debug_typenames
 *(.debug_typenames)

.debug_varnames
 *(.debug_varnames)

.debug_pubtypes
 *(.debug_pubtypes)

.debug_ranges   0x00000000       0x50
 *(.debug_ranges)
 .debug_ranges  0x00000000       0x20 src/input_handler.o
 .debug_ranges  0x00000020       0x20 src/led_handler.o
 .debug_ranges  0x00000040       0x10 src/main.o

.debug_macro    0x00000000     0x2012
 *(.debug_macro)
 .debug_macro   0x00000000       0x9a src/input_handler.o
 .debug_macro   0x0000009a      0xa42 src/input_handler.o
 .debug_macro   0x00000adc       0x10 src/input_handler.o
 .debug_macro   0x00000aec      0x1ad src/input_handler.o
 .debug_macro   0x00000c99      0x293 src/input_handler.o
 .debug_macro   0x00000f2c       0x9e src/input_handler.o
 .debug_macro   0x00000fca      0xa99 src/input_handler.o
 .debug_macro   0x00001a63      0x139 src/input_handler.o
 .debug_macro   0x00001b9c       0xbd src/input_handler.o
 .debug_macro   0x00001c59       0x34 src/input_handler.o
 .debug_macro   0x00001c8d       0x18 src/input_handler.o
 .debug_macro   0x00001ca5       0x6c src/input_handler.o
 .debug_macro   0x00001d11       0x82 src/input_handler.o
 .debug_macro   0x00001d93       0x9a src/led_handler.o
 .debug_macro   0x00001e2d       0x6f src/main.o
 .debug_macro   0x00001e9c       0x10 src/main.o
 .debug_macro   0x00001eac      0x166 src/main.o
OUTPUT(Garagenlichtsteuerung.elf elf32-avr)
LOAD linker stubs
